
> nexastore@0.1.0 build
> next build

  Γû▓ Next.js 14.2.23
  - Environments: .env

   Creating an optimized production build ...
 Γ£ô Compiled successfully
   Linting and checking validity of types ...
node.exe : 
At line:1 char:1
+ & "C:\Program 
Files\nodejs/node.exe" 
"C:\Program 
Files\nodejs/node_mo ...
+ ~~~~~~~~~~~~~~~~~~~~~~~~
~~~~~~~~~~~~~~~~~~~~~~~~~~
~~~~~~~~~~~~~~~~~~~
    + CategoryInfo        
      : NotSpecified: (:  
  String) [], RemoteExc   
 eption
    + FullyQualifiedError 
   Id : NativeCommandErr  
  or
 
Failed to compile.

./src/app/(auth)/login/pag
e.tsx
17:18  Error: 
'AnimatePresence' is 
defined but never used.  @
typescript-eslint/no-unuse
d-vars
19:10  Error: 'cn' is 
defined but never used.  @
typescript-eslint/no-unuse
d-vars
148:28  Error: `'` can be 
escaped with `&apos;`, 
`&lsquo;`, `&#39;`, 
`&rsquo;`.  react/no-unesc
aped-entities

./src/app/(auth)/register/
page.tsx
13:3  Error: 
'ShoppingBag' is defined 
but never used.  @typescri
pt-eslint/no-unused-vars
16:3  Error: 'Layout' is 
defined but never used.  @
typescript-eslint/no-unuse
d-vars
17:3  Error: 'Zap' is 
defined but never used.  @
typescript-eslint/no-unuse
d-vars
18:3  Error: 'Info' is 
defined but never used.  @
typescript-eslint/no-unuse
d-vars
20:18  Error: 
'AnimatePresence' is 
defined but never used.  @
typescript-eslint/no-unuse
d-vars
22:10  Error: 'cn' is 
defined but never used.  @
typescript-eslint/no-unuse
d-vars

./src/app/(public)/cart/pa
ge.tsx
11:10  Error: 'cn' is 
defined but never used.  @
typescript-eslint/no-unuse
d-vars
17:10  Error: 'isApplied' 
is assigned a value but 
never used.  @typescript-e
slint/no-unused-vars
17:21  Error: 
'setIsApplied' is 
assigned a value but 
never used.  @typescript-e
slint/no-unused-vars
92:47  Error: `'` can be 
escaped with `&apos;`, 
`&lsquo;`, `&#39;`, 
`&rsquo;`.  react/no-unesc
aped-entities

./src/app/(public)/checkou
t/page.tsx
7:10  Error: 'motion' is 
defined but never used.  @
typescript-eslint/no-unuse
d-vars
7:18  Error: 
'AnimatePresence' is 
defined but never used.  @
typescript-eslint/no-unuse
d-vars
13:3  Error: 'MapPin' is 
defined but never used.  @
typescript-eslint/no-unuse
d-vars
14:3  Error: 'Mail' is 
defined but never used.  @
typescript-eslint/no-unuse
d-vars
16:3  Error: 
'ShoppingCart' is defined 
but never used.  @typescri
pt-eslint/no-unused-vars
20:10  Error: 'cn' is 
defined but never used.  @
typescript-eslint/no-unuse
d-vars

./src/app/(public)/checkou
t/success/page.tsx
3:17  Error: 'useEffect' 
is defined but never 
used.  @typescript-eslint/
no-unused-vars
79:20  Error: `'` can be 
escaped with `&apos;`, 
`&lsquo;`, `&#39;`, 
`&rsquo;`.  react/no-unesc
aped-entities

./src/app/(public)/custom-
project/page.tsx
83:17  Error: `'` can be 
escaped with `&apos;`, 
`&lsquo;`, `&#39;`, 
`&rsquo;`.  react/no-unesc
aped-entities
177:52  Error: `'` can be 
escaped with `&apos;`, 
`&lsquo;`, `&#39;`, 
`&rsquo;`.  react/no-unesc
aped-entities
251:64  Error: `'` can be 
escaped with `&apos;`, 
`&lsquo;`, `&#39;`, 
`&rsquo;`.  react/no-unesc
aped-entities

./src/app/(public)/shop/pa
ge.tsx
212:124  Error: `'` can 
be escaped with `&apos;`, 
`&lsquo;`, `&#39;`, 
`&rsquo;`.  react/no-unesc
aped-entities

./src/app/(public)/shop/[s
lug]/page.tsx
76:45  Error: 'params' is 
defined but never used.  @
typescript-eslint/no-unuse
d-vars

./src/app/admin/layout.tsx
3:17  Error: 'useState' 
is defined but never 
used.  @typescript-eslint/
no-unused-vars
11:3  Error: 'Settings' 
is defined but never 
used.  @typescript-eslint/
no-unused-vars
13:3  Error: 'Menu' is 
defined but never used.  @
typescript-eslint/no-unuse
d-vars
14:3  Error: 'X' is 
defined but never used.  @
typescript-eslint/no-unuse
d-vars
15:3  Error: 'PlusCircle' 
is defined but never 
used.  @typescript-eslint/
no-unused-vars

./src/app/admin/page.tsx
9:3  Error: 
'ArrowUpRight' is defined 
but never used.  @typescri
pt-eslint/no-unused-vars
12:3  Error: 
'ShieldCheck' is defined 
but never used.  @typescri
pt-eslint/no-unused-vars
17:18  Error: 
'AnimatePresence' is 
defined but never used.  @
typescript-eslint/no-unuse
d-vars

./src/app/dashboard/layout
.tsx
8:3  Error: 'ShoppingBag' 
is defined but never 
used.  @typescript-eslint/
no-unused-vars

./src/app/dashboard/page.t
sx
9:3  Error: 'Box' is 
defined but never used.  @
typescript-eslint/no-unuse
d-vars

./src/components/home/CTAB
anner.tsx
34:18  Error: `'` can be 
escaped with `&apos;`, 
`&lsquo;`, `&#39;`, 
`&rsquo;`.  react/no-unesc
aped-entities
34:34  Error: `'` can be 
escaped with `&apos;`, 
`&lsquo;`, `&#39;`, 
`&rsquo;`.  react/no-unesc
aped-entities
47:18  Error: `'` can be 
escaped with `&apos;`, 
`&lsquo;`, `&#39;`, 
`&rsquo;`.  react/no-unesc
aped-entities

./src/components/home/Stat
sBar.tsx
3:28  Error: 'useState' 
is defined but never 
used.  @typescript-eslint/
no-unused-vars

./src/components/home/Test
imonials.tsx
88:19  Error: `"` can be 
escaped with `&quot;`, 
`&ldquo;`, `&#34;`, 
`&rdquo;`.  react/no-unesc
aped-entities
88:51  Error: `"` can be 
escaped with `&quot;`, 
`&ldquo;`, `&#34;`, 
`&rdquo;`.  react/no-unesc
aped-entities

./src/components/layout/Fo
oter.tsx
70:22  Error: `'` can be 
escaped with `&apos;`, 
`&lsquo;`, `&#39;`, 
`&rsquo;`.  react/no-unesc
aped-entities

./src/components/product/B
uySidebar.tsx
101:98  Error: `'` can be 
escaped with `&apos;`, 
`&lsquo;`, `&#39;`, 
`&rsquo;`.  react/no-unesc
aped-entities

./src/components/product/F
eatureList.tsx
11:3  Error: 'Lock' is 
defined but never used.  @
typescript-eslint/no-unuse
d-vars
12:3  Error: 'Globe' is 
defined but never used.  @
typescript-eslint/no-unuse
d-vars

./src/components/product/P
roductHero.tsx
88:14  Error: `"` can be 
escaped with `&quot;`, 
`&ldquo;`, `&#34;`, 
`&rdquo;`.  react/no-unesc
aped-entities
88:116  Error: `"` can be 
escaped with `&quot;`, 
`&ldquo;`, `&#34;`, 
`&rdquo;`.  react/no-unesc
aped-entities

./src/components/shop/Filt
erSidebar.tsx
4:35  Error: 'Search' is 
defined but never used.  @
typescript-eslint/no-unuse
d-vars
23:3  Error: 'priceRange' 
is defined but never 
used.  @typescript-eslint/
no-unused-vars
24:3  Error: 
'setPriceRange' is 
defined but never used.  @
typescript-eslint/no-unuse
d-vars

./src/components/shop/Prod
uctCard.tsx
11:3  Error: 'ArrowRight' 
is defined but never 
used.  @typescript-eslint/
no-unused-vars

./src/lib/prisma.ts
4:3  Error: Unexpected 
var, use let or const 
instead.  no-var

./src/types/index.ts
1:20  Error: 'Role' is 
defined but never used.  @
typescript-eslint/no-unuse
d-vars
1:39  Error: 
'RequestStatus' is 
defined but never used.  @
typescript-eslint/no-unuse
d-vars

info  - Need to disable 
some ESLint rules? Learn 
more here: https://nextjs.
org/docs/basic-features/es
lint#disabling-rules
